#-----------------------------------------------------------
# Vivado v2021.2 (64-bit)
# SW Build 3367213 on Tue Oct 19 02:47:39 MDT 2021
# IP Build 3369179 on Thu Oct 21 08:25:16 MDT 2021
# Start of session at: Sun Jun 26 16:15:19 2022
# Process ID: 2101021
# Current directory: /home/nghielme/PycharmProjects/aca-project/conifer-base/wrapper_heavily_unbalanced/myproject_vivado_accelerator/project_1.runs/impl_1
# Command line: vivado -log design_1_wrapper.vdi -applog -product Vivado -messageDb vivado.pb -mode batch -source design_1_wrapper.tcl -notrace
# Log file: /home/nghielme/PycharmProjects/aca-project/conifer-base/wrapper_heavily_unbalanced/myproject_vivado_accelerator/project_1.runs/impl_1/design_1_wrapper.vdi
# Journal file: /home/nghielme/PycharmProjects/aca-project/conifer-base/wrapper_heavily_unbalanced/myproject_vivado_accelerator/project_1.runs/impl_1/vivado.jou
# Running On: yavin, OS: Linux, CPU Frequency: 4599.999 MHz, CPU Physical cores: 8, Host memory: 67274 MB
#-----------------------------------------------------------
source design_1_wrapper.tcl -notrace
