#-----------------------------------------------------------
# Vivado v2020.1 (64-bit)
# SW Build 2902540 on Wed May 27 19:54:35 MDT 2020
# IP Build 2902112 on Wed May 27 22:43:36 MDT 2020
# Start of session at: Fri Jun 24 16:02:46 2022
# Process ID: 3287932
# Current directory: /home/nghielme/PycharmProjects/conifer/examples/wrapper-3-20220623T092548Z-001/wrapper-3/project_2020._1/project_2020._1.runs/design_1_rst_ps8_0_100M_0_synth_1
# Command line: vivado -log design_1_rst_ps8_0_100M_0.vds -product Vivado -mode batch -messageDb vivado.pb -notrace -source design_1_rst_ps8_0_100M_0.tcl
# Log file: /home/nghielme/PycharmProjects/conifer/examples/wrapper-3-20220623T092548Z-001/wrapper-3/project_2020._1/project_2020._1.runs/design_1_rst_ps8_0_100M_0_synth_1/design_1_rst_ps8_0_100M_0.vds
# Journal file: /home/nghielme/PycharmProjects/conifer/examples/wrapper-3-20220623T092548Z-001/wrapper-3/project_2020._1/project_2020._1.runs/design_1_rst_ps8_0_100M_0_synth_1/vivado.jou
#-----------------------------------------------------------
source design_1_rst_ps8_0_100M_0.tcl -notrace
