

================================================================
== Synthesis Summary Report of 'myproject_axi'
================================================================
+ General Information: 
    * Date:           Fri Jun 24 16:34:30 2022
    * Version:        2020.1 (Build 3064766 on Wed Nov 18 09:12:47 MST 2020)
    * Project:        myproject_prj
    * Solution:       solution1 (Vivado IP Flow Target)
    * Product family: zynquplus
    * Target device:  xczu3eg-sbva484-1-e
    

+ Performance & Resource Estimates: 
    
    PS: '+' for module; 'o' for loop; '*' for dataflow
    +--------------------------------------+------+-------+---------+---------+----------+---------+------+----------+------+----+-----------+-----------+-----+
    |                Modules               | Issue|       | Latency | Latency | Iteration|         | Trip |          |      |    |           |           |     |
    |                & Loops               | Type | Slack | (cycles)|   (ns)  |  Latency | Interval| Count| Pipelined| BRAM | DSP|     FF    |    LUT    | URAM|
    +--------------------------------------+------+-------+---------+---------+----------+---------+------+----------+------+----+-----------+-----------+-----+
    |+ myproject_axi                       |     -|  -0.14|       20|  140.000|         -|       21|     -|        no|     -|   -|  827 (~0%)|  4988 (7%)|    -|
    | + out_local_V_0_myproject_fu_345     |    II|  -0.40|        0|    0.000|         -|        1|     -|       yes|     -|   -|          -|  1056 (1%)|    -|
    |  + s_V_1_decision_function_6_fu_108  |     -|  -2.73|        0|    0.000|         -|        1|     -|       yes|     -|   -|          -|   99 (~0%)|    -|
    |  + s_V_2_decision_function_5_fu_118  |     -|  -2.73|        0|    0.000|         -|        1|     -|       yes|     -|   -|          -|   99 (~0%)|    -|
    |  + s_V_3_decision_function_4_fu_126  |     -|  -2.73|        0|    0.000|         -|        1|     -|       yes|     -|   -|          -|   99 (~0%)|    -|
    |  + s_V_4_decision_function_3_fu_134  |     -|  -2.73|        0|    0.000|         -|        1|     -|       yes|     -|   -|          -|   99 (~0%)|    -|
    |  + s_V_5_decision_function_2_fu_142  |     -|  -2.73|        0|    0.000|         -|        1|     -|       yes|     -|   -|          -|   99 (~0%)|    -|
    |  + s_V_6_decision_function_1_fu_150  |     -|  -3.06|        0|    0.000|         -|        1|     -|       yes|     -|   -|          -|   97 (~0%)|    -|
    |  + s_V_decision_function_7_fu_160    |     -|  -3.06|        0|    0.000|         -|        1|     -|       yes|     -|   -|          -|   97 (~0%)|    -|
    |  + s_V_7_decision_function_fu_168    |     -|  -3.06|        0|    0.000|         -|        1|     -|       yes|     -|   -|          -|   97 (~0%)|    -|
    | o VITIS_LOOP_22_1                    |     -|  -5.11|       12|   84.000|         4|        1|    10|       yes|     -|   -|          -|          -|    -|
    | o VITIS_LOOP_32_2                    |     -|  -5.11|        3|   21.000|         3|        1|     2|       yes|     -|   -|          -|          -|    -|
    +--------------------------------------+------+-------+---------+---------+----------+---------+------+----------+------+----+-----------+-----------+-----+

