

================================================================
== Vitis HLS Report for 'decision_function'
================================================================
* Date:           Fri Jun 24 16:34:29 2022

* Version:        2020.1 (Build 3064766 on Wed Nov 18 09:12:47 MST 2020)
* Project:        myproject_prj
* Solution:       solution1 (Vivado IP Flow Target)
* Product family: zynquplus
* Target device:  xczu3eg-sbva484-1-e


================================================================
== Performance Estimates
================================================================
+ Timing: 
    * Summary: 
    +--------+---------+----------+------------+
    |  Clock |  Target | Estimated| Uncertainty|
    +--------+---------+----------+------------+
    |ap_clk  |  7.00 ns|  2.047 ns|     1.89 ns|
    +--------+---------+----------+------------+

+ Latency: 
    * Summary: 
    +---------+---------+----------+----------+-----+-----+---------+
    |  Latency (cycles) |  Latency (absolute) |  Interval | Pipeline|
    |   min   |   max   |    min   |    max   | min | max |   Type  |
    +---------+---------+----------+----------+-----+-----+---------+
    |        0|        0|      0 ns|      0 ns|    1|    1|      yes|
    +---------+---------+----------+----------+-----+-----+---------+

    + Detail: 
        * Instance: 
        N/A

        * Loop: 
        N/A



================================================================
== Utilization Estimates
================================================================
* Summary: 
+-----------------+---------+-----+--------+-------+-----+
|       Name      | BRAM_18K| DSP |   FF   |  LUT  | URAM|
+-----------------+---------+-----+--------+-------+-----+
|DSP              |        -|    -|       -|      -|    -|
|Expression       |        -|    -|       0|     77|    -|
|FIFO             |        -|    -|       -|      -|    -|
|Instance         |        -|    -|       0|     20|    -|
|Memory           |        -|    -|       -|      -|    -|
|Multiplexer      |        -|    -|       -|      -|    -|
|Register         |        -|    -|       -|      -|    -|
+-----------------+---------+-----+--------+-------+-----+
|Total            |        0|    0|       0|     97|    0|
+-----------------+---------+-----+--------+-------+-----+
|Available        |      432|  360|  141120|  70560|    0|
+-----------------+---------+-----+--------+-------+-----+
|Utilization (%)  |        0|    0|       0|     ~0|    0|
+-----------------+---------+-----+--------+-------+-----+

+ Detail: 
    * Instance: 
    +---------------------+-----------------+---------+----+---+----+-----+
    |       Instance      |      Module     | BRAM_18K| DSP| FF| LUT| URAM|
    +---------------------+-----------------+---------+----+---+----+-----+
    |mux_42_32_1_1_x_U26  |mux_42_32_1_1_x  |        0|   0|  0|  20|    0|
    +---------------------+-----------------+---------+----+---+----+-----+
    |Total                |                 |        0|   0|  0|  20|    0|
    +---------------------+-----------------+---------+----+---+----+-----+

    * DSP: 
    N/A

    * Memory: 
    N/A

    * FIFO: 
    N/A

    * Expression: 
    +------------------------+----------+----+---+----+------------+------------+
    |      Variable Name     | Operation| DSP| FF| LUT| Bitwidth P0| Bitwidth P1|
    +------------------------+----------+----+---+----+------------+------------+
    |and_ln133_1_fu_78_p2    |       and|   0|  0|   2|           1|           1|
    |and_ln133_fu_72_p2      |       and|   0|  0|   2|           1|           1|
    |icmp_ln1497_1_fu_54_p2  |      icmp|   0|  0|  20|          32|          18|
    |icmp_ln1497_2_fu_60_p2  |      icmp|   0|  0|  20|          32|          17|
    |icmp_ln1497_fu_48_p2    |      icmp|   0|  0|  20|          32|          16|
    |or_ln148_1_fu_96_p2     |        or|   0|  0|   2|           1|           1|
    |or_ln148_fu_90_p2       |        or|   0|  0|   2|           1|           1|
    |select_ln149_fu_106_p3  |    select|   0|  0|   3|           1|           2|
    |tmp_fu_122_p5           |    select|   0|  0|   2|           1|           2|
    |xor_ln133_fu_66_p2      |       xor|   0|  0|   2|           1|           2|
    |xor_ln148_fu_84_p2      |       xor|   0|  0|   2|           1|           2|
    +------------------------+----------+----+---+----+------------+------------+
    |Total                   |          |   0|  0|  77|         104|          63|
    +------------------------+----------+----+---+----+------------+------------+

    * Multiplexer: 
    N/A

    * Register: 
    N/A



================================================================
== Interface
================================================================
* Summary: 
+-----------+-----+-----+------------+-------------------+--------------+
| RTL Ports | Dir | Bits|  Protocol  |   Source Object   |    C Type    |
+-----------+-----+-----+------------+-------------------+--------------+
|ap_ready   |  out|    1|  ap_ctrl_hs|  decision_function|  return value|
|ap_return  |  out|   32|  ap_ctrl_hs|  decision_function|  return value|
|p_read     |   in|   32|     ap_none|             p_read|        scalar|
|p_read1    |   in|   32|     ap_none|            p_read1|        scalar|
+-----------+-----+-----+------------+-------------------+--------------+

