

================================================================
== Vitis HLS Report for 'myproject_axi_Pipeline_VITIS_LOOP_22_1'
================================================================
* Date:           Fri Jun 24 13:00:18 2022

* Version:        2020.1 (Build 3367213 on Tue Oct 19 02:47:39 MDT 2021)
* Project:        myproject_prj
* Solution:       solution1 (Vivado IP Flow Target)
* Product family: zynquplus
* Target device:  xczu3eg-sbva484-1-e


================================================================
== Performance Estimates
================================================================
+ Timing: 
    * Summary: 
    +--------+---------+----------+------------+
    |  Clock |  Target | Estimated| Uncertainty|
    +--------+---------+----------+------------+
    |ap_clk  |  7.00 ns|  4.885 ns|     1.89 ns|
    +--------+---------+----------+------------+

+ Latency: 
    * Summary: 
    +---------+---------+-----------+-----------+-----+-----+---------+
    |  Latency (cycles) |   Latency (absolute)  |  Interval | Pipeline|
    |   min   |   max   |    min    |    max    | min | max |   Type  |
    +---------+---------+-----------+-----------+-----+-----+---------+
    |       14|       14|  98.000 ns|  98.000 ns|   14|   14|       no|
    +---------+---------+-----------+-----------+-----+-----+---------+

    + Detail: 
        * Instance: 
        N/A

        * Loop: 
        +-------------------+---------+---------+----------+-----------+-----------+------+----------+
        |                   |  Latency (cycles) | Iteration|  Initiation Interval  | Trip |          |
        |     Loop Name     |   min   |   max   |  Latency |  achieved |   target  | Count| Pipelined|
        +-------------------+---------+---------+----------+-----------+-----------+------+----------+
        |- VITIS_LOOP_22_1  |       12|       12|         4|          1|          1|    10|       yes|
        +-------------------+---------+---------+----------+-----------+-----------+------+----------+



================================================================
== Utilization Estimates
================================================================
* Summary: 
+-----------------+---------+-----+--------+-------+-----+
|       Name      | BRAM_18K| DSP |   FF   |  LUT  | URAM|
+-----------------+---------+-----+--------+-------+-----+
|DSP              |        -|    -|       -|      -|    -|
|Expression       |        -|    -|       0|   2524|    -|
|FIFO             |        -|    -|       -|      -|    -|
|Instance         |        -|    -|       -|      -|    -|
|Memory           |        -|    -|       -|      -|    -|
|Multiplexer      |        -|    -|       -|     45|    -|
|Register         |        -|    -|     578|     32|    -|
+-----------------+---------+-----+--------+-------+-----+
|Total            |        0|    0|     578|   2601|    0|
+-----------------+---------+-----+--------+-------+-----+
|Available        |      432|  360|  141120|  70560|    0|
+-----------------+---------+-----+--------+-------+-----+
|Utilization (%)  |        0|    0|      ~0|      3|    0|
+-----------------+---------+-----+--------+-------+-----+

+ Detail: 
    * Instance: 
    +-----------------------------+--------------------------+---------+----+---+----+-----+
    |           Instance          |          Module          | BRAM_18K| DSP| FF| LUT| URAM|
    +-----------------------------+--------------------------+---------+----+---+----+-----+
    |fpext_32ns_64_2_no_dsp_1_U1  |fpext_32ns_64_2_no_dsp_1  |        0|   0|  0|   0|    0|
    +-----------------------------+--------------------------+---------+----+---+----+-----+
    |Total                        |                          |        0|   0|  0|   0|    0|
    +-----------------------------+--------------------------+---------+----+---+----+-----+

    * DSP: 
    N/A

    * Memory: 
    N/A

    * FIFO: 
    N/A

    * Expression: 
    +----------------------------------+----------+----+---+-----+------------+------------+
    |           Variable Name          | Operation| DSP| FF| LUT | Bitwidth P0| Bitwidth P1|
    +----------------------------------+----------+----+---+-----+------------+------------+
    |add_ln22_fu_257_p2                |         +|   0|  0|   12|           4|           1|
    |add_ln590_fu_329_p2               |         +|   0|  0|   19|          12|           6|
    |F2_fu_317_p2                      |         -|   0|  0|   19|          11|          12|
    |man_V_1_fu_358_p2                 |         -|   0|  0|   61|           1|          54|
    |sub_ln590_fu_335_p2               |         -|   0|  0|   19|           5|          12|
    |and_ln590_fu_485_p2               |       and|   0|  0|    2|           1|           1|
    |and_ln591_fu_462_p2               |       and|   0|  0|    2|           1|           1|
    |ap_block_pp0_stage0_01001         |       and|   0|  0|    2|           1|           1|
    |ap_block_state1_pp0_stage0_iter0  |       and|   0|  0|    2|           1|           1|
    |ashr_ln595_fu_394_p2              |      ashr|   0|  0|  159|          54|          54|
    |icmp_ln22_fu_251_p2               |      icmp|   0|  0|    9|           4|           4|
    |icmp_ln26_1_fu_547_p2             |      icmp|   0|  0|    9|           4|           3|
    |icmp_ln26_2_fu_560_p2             |      icmp|   0|  0|    9|           4|           3|
    |icmp_ln26_3_fu_573_p2             |      icmp|   0|  0|    9|           4|           3|
    |icmp_ln26_4_fu_586_p2             |      icmp|   0|  0|    9|           4|           3|
    |icmp_ln26_5_fu_599_p2             |      icmp|   0|  0|    9|           4|           2|
    |icmp_ln26_6_fu_612_p2             |      icmp|   0|  0|    9|           4|           2|
    |icmp_ln26_7_fu_625_p2             |      icmp|   0|  0|    9|           4|           1|
    |icmp_ln26_8_fu_638_p2             |      icmp|   0|  0|    9|           4|           1|
    |icmp_ln26_fu_534_p2               |      icmp|   0|  0|    9|           4|           5|
    |icmp_ln580_fu_311_p2              |      icmp|   0|  0|   28|          63|           1|
    |icmp_ln590_fu_323_p2              |      icmp|   0|  0|   12|          12|           5|
    |icmp_ln591_fu_341_p2              |      icmp|   0|  0|   12|          12|           5|
    |icmp_ln594_fu_384_p2              |      icmp|   0|  0|   12|          12|           6|
    |icmp_ln612_fu_437_p2              |      icmp|   0|  0|   10|           7|           1|
    |or_ln591_fu_475_p2                |        or|   0|  0|    2|           1|           1|
    |man_V_2_fu_364_p3                 |    select|   0|  0|   53|           1|          54|
    |select_ln26_10_fu_659_p3          |    select|   0|  0|   32|           1|          32|
    |select_ln26_11_fu_667_p3          |    select|   0|  0|   32|           1|          32|
    |select_ln26_12_fu_675_p3          |    select|   0|  0|   32|           1|          32|
    |select_ln26_13_fu_683_p3          |    select|   0|  0|   32|           1|          32|
    |select_ln26_14_fu_691_p3          |    select|   0|  0|   32|           1|          32|
    |select_ln26_15_fu_699_p3          |    select|   0|  0|   32|           1|          32|
    |select_ln26_16_fu_707_p3          |    select|   0|  0|   32|           1|          32|
    |select_ln26_17_fu_715_p3          |    select|   0|  0|   32|           1|          32|
    |select_ln26_18_fu_723_p3          |    select|   0|  0|   32|           1|          32|
    |select_ln26_19_fu_731_p3          |    select|   0|  0|   32|           1|          32|
    |select_ln26_1_fu_552_p3           |    select|   0|  0|   32|           1|          32|
    |select_ln26_20_fu_739_p3          |    select|   0|  0|   32|           1|          32|
    |select_ln26_21_fu_747_p3          |    select|   0|  0|   32|           1|          32|
    |select_ln26_22_fu_755_p3          |    select|   0|  0|   32|           1|          32|
    |select_ln26_23_fu_763_p3          |    select|   0|  0|   32|           1|          32|
    |select_ln26_24_fu_771_p3          |    select|   0|  0|   32|           1|          32|
    |select_ln26_25_fu_779_p3          |    select|   0|  0|   32|           1|          32|
    |select_ln26_26_fu_787_p3          |    select|   0|  0|   32|           1|          32|
    |select_ln26_27_fu_795_p3          |    select|   0|  0|   32|           1|          32|
    |select_ln26_28_fu_803_p3          |    select|   0|  0|   32|           1|          32|
    |select_ln26_29_fu_811_p3          |    select|   0|  0|   32|           1|          32|
    |select_ln26_2_fu_565_p3           |    select|   0|  0|   32|           1|          32|
    |select_ln26_30_fu_819_p3          |    select|   0|  0|   32|           1|          32|
    |select_ln26_31_fu_827_p3          |    select|   0|  0|   32|           1|          32|
    |select_ln26_32_fu_835_p3          |    select|   0|  0|   32|           1|          32|
    |select_ln26_33_fu_843_p3          |    select|   0|  0|   32|           1|          32|
    |select_ln26_34_fu_851_p3          |    select|   0|  0|   32|           1|          32|
    |select_ln26_35_fu_859_p3          |    select|   0|  0|   32|           1|          32|
    |select_ln26_36_fu_867_p3          |    select|   0|  0|   32|           1|          32|
    |select_ln26_37_fu_875_p3          |    select|   0|  0|   32|           1|          32|
    |select_ln26_38_fu_883_p3          |    select|   0|  0|   32|           1|          32|
    |select_ln26_39_fu_891_p3          |    select|   0|  0|   32|           1|          32|
    |select_ln26_3_fu_578_p3           |    select|   0|  0|   32|           1|          32|
    |select_ln26_40_fu_899_p3          |    select|   0|  0|   32|           1|          32|
    |select_ln26_41_fu_907_p3          |    select|   0|  0|   32|           1|          32|
    |select_ln26_42_fu_915_p3          |    select|   0|  0|   32|           1|          32|
    |select_ln26_43_fu_923_p3          |    select|   0|  0|   32|           1|          32|
    |select_ln26_44_fu_931_p3          |    select|   0|  0|   32|           1|          32|
    |select_ln26_45_fu_939_p3          |    select|   0|  0|   32|           1|          32|
    |select_ln26_46_fu_947_p3          |    select|   0|  0|   32|           1|          32|
    |select_ln26_47_fu_955_p3          |    select|   0|  0|   32|           1|          32|
    |select_ln26_48_fu_963_p3          |    select|   0|  0|   32|           1|          32|
    |select_ln26_49_fu_971_p3          |    select|   0|  0|   32|           1|          32|
    |select_ln26_4_fu_591_p3           |    select|   0|  0|   32|           1|          32|
    |select_ln26_50_fu_979_p3          |    select|   0|  0|   32|           1|          32|
    |select_ln26_51_fu_987_p3          |    select|   0|  0|   32|           1|          32|
    |select_ln26_52_fu_995_p3          |    select|   0|  0|   32|           1|          32|
    |select_ln26_53_fu_1003_p3         |    select|   0|  0|   32|           1|          32|
    |select_ln26_5_fu_604_p3           |    select|   0|  0|   32|           1|          32|
    |select_ln26_6_fu_617_p3           |    select|   0|  0|   32|           1|          32|
    |select_ln26_7_fu_630_p3           |    select|   0|  0|   32|           1|          32|
    |select_ln26_8_fu_643_p3           |    select|   0|  0|   32|           1|          32|
    |select_ln26_9_fu_651_p3           |    select|   0|  0|   32|           1|          32|
    |select_ln26_fu_539_p3             |    select|   0|  0|   32|           1|          32|
    |select_ln580_fu_528_p3            |    select|   0|  0|   32|           1|           1|
    |select_ln590_fu_490_p3            |    select|   0|  0|   32|           1|          32|
    |select_ln591_fu_467_p3            |    select|   0|  0|   32|           1|          32|
    |select_ln594_fu_419_p3            |    select|   0|  0|   32|           1|          32|
    |select_ln597_fu_411_p3            |    select|   0|  0|    2|           1|           2|
    |select_ln612_fu_449_p3            |    select|   0|  0|   32|           1|          32|
    |sh_amt_fu_371_p3                  |    select|   0|  0|   12|           1|          12|
    |shl_ln613_fu_443_p2               |       shl|   0|  0|  100|          32|          32|
    |ap_enable_pp0                     |       xor|   0|  0|    2|           1|           2|
    |xor_ln580_fu_457_p2               |       xor|   0|  0|    2|           1|           2|
    |xor_ln591_fu_479_p2               |       xor|   0|  0|    2|           1|           2|
    +----------------------------------+----------+----+---+-----+------------+------------+
    |Total                             |          |   0|  0| 2524|         335|        2152|
    +----------------------------------+----------+----+---+-----+------------+------------+

    * Multiplexer: 
    +-------------------------+----+-----------+-----+-----------+
    |           Name          | LUT| Input Size| Bits| Total Bits|
    +-------------------------+----+-----------+-----+-----------+
    |ap_done_int              |   9|          2|    1|          2|
    |ap_enable_reg_pp0_iter1  |   9|          2|    1|          2|
    |ap_sig_allocacmp_i_1     |   9|          2|    4|          8|
    |i_fu_114                 |   9|          2|    4|          8|
    |in_r_TDATA_blk_n         |   9|          2|    1|          2|
    +-------------------------+----+-----------+-----+-----------+
    |Total                    |  45|         10|   11|         22|
    +-------------------------+----+-----------+-----+-----------+

    * Register: 
    +-----------------------------------+----+----+-----+-----------+
    |                Name               | FF | LUT| Bits| Const Bits|
    +-----------------------------------+----+----+-----+-----------+
    |add_ln590_reg_1228                 |  12|   0|   12|          0|
    |ap_CS_fsm                          |   1|   0|    1|          0|
    |ap_done_reg                        |   1|   0|    1|          0|
    |ap_enable_reg_pp0_iter1            |   1|   0|    1|          0|
    |ap_enable_reg_pp0_iter2            |   1|   0|    1|          0|
    |ap_enable_reg_pp0_iter3            |   1|   0|    1|          0|
    |ap_loop_exit_ready_pp0_iter1_reg   |   1|   0|    1|          0|
    |ap_loop_exit_ready_pp0_iter2_reg   |   1|   0|    1|          0|
    |i_1_reg_1178                       |   4|   0|    4|          0|
    |i_fu_114                           |   4|   0|    4|          0|
    |icmp_ln22_reg_1191                 |   1|   0|    1|          0|
    |icmp_ln22_reg_1191_pp0_iter1_reg   |   1|   0|    1|          0|
    |icmp_ln580_reg_1215                |   1|   0|    1|          0|
    |icmp_ln580_reg_1215_pp0_iter2_reg  |   1|   0|    1|          0|
    |icmp_ln590_reg_1222                |   1|   0|    1|          0|
    |icmp_ln591_reg_1238                |   1|   0|    1|          0|
    |in_local_V_1_fu_122                |  32|   0|   32|          0|
    |in_local_V_2_fu_126                |  32|   0|   32|          0|
    |in_local_V_3_fu_130                |  32|   0|   32|          0|
    |in_local_V_4_fu_134                |  32|   0|   32|          0|
    |in_local_V_5_fu_138                |  32|   0|   32|          0|
    |in_local_V_6_fu_142                |  32|   0|   32|          0|
    |in_local_V_7_fu_146                |  32|   0|   32|          0|
    |in_local_V_8_fu_150                |  32|   0|   32|          0|
    |in_local_V_9_fu_154                |  32|   0|   32|          0|
    |in_local_V_fu_118                  |  32|   0|   32|          0|
    |p_0_reg_1195                       |  32|   0|   32|          0|
    |p_0_reg_1195_pp0_iter1_reg         |  32|   0|   32|          0|
    |p_Result_s_reg_1205                |   1|   0|    1|          0|
    |select_ln590_reg_1244              |  32|   0|   32|          0|
    |sub_ln590_reg_1233                 |  12|   0|   12|          0|
    |trunc_ln574_reg_1210               |  52|   0|   52|          0|
    |i_1_reg_1178                       |  64|  32|    4|          0|
    +-----------------------------------+----+----+-----+-----------+
    |Total                              | 578|  32|  518|          0|
    +-----------------------------------+----+----+-----+-----------+



================================================================
== Interface
================================================================
* Summary: 
+-------------------------+-----+-----+------------+----------------------------------------+--------------+
|        RTL Ports        | Dir | Bits|  Protocol  |              Source Object             |    C Type    |
+-------------------------+-----+-----+------------+----------------------------------------+--------------+
|ap_clk                   |   in|    1|  ap_ctrl_hs|  myproject_axi_Pipeline_VITIS_LOOP_22_1|  return value|
|ap_rst                   |   in|    1|  ap_ctrl_hs|  myproject_axi_Pipeline_VITIS_LOOP_22_1|  return value|
|ap_start                 |   in|    1|  ap_ctrl_hs|  myproject_axi_Pipeline_VITIS_LOOP_22_1|  return value|
|ap_done                  |  out|    1|  ap_ctrl_hs|  myproject_axi_Pipeline_VITIS_LOOP_22_1|  return value|
|ap_idle                  |  out|    1|  ap_ctrl_hs|  myproject_axi_Pipeline_VITIS_LOOP_22_1|  return value|
|ap_ready                 |  out|    1|  ap_ctrl_hs|  myproject_axi_Pipeline_VITIS_LOOP_22_1|  return value|
|in_r_TVALID              |   in|    1|        axis|                           in_r_V_data_V|       pointer|
|in_r_TDATA               |   in|   32|        axis|                           in_r_V_data_V|       pointer|
|in_r_TREADY              |  out|    1|        axis|                           in_r_V_last_V|       pointer|
|in_r_TLAST               |   in|    1|        axis|                           in_r_V_last_V|       pointer|
|in_r_TKEEP               |   in|    4|        axis|                           in_r_V_keep_V|       pointer|
|in_r_TSTRB               |   in|    4|        axis|                           in_r_V_strb_V|       pointer|
|in_local_V_9_out         |  out|   32|      ap_vld|                        in_local_V_9_out|       pointer|
|in_local_V_9_out_ap_vld  |  out|    1|      ap_vld|                        in_local_V_9_out|       pointer|
|in_local_V_8_out         |  out|   32|      ap_vld|                        in_local_V_8_out|       pointer|
|in_local_V_8_out_ap_vld  |  out|    1|      ap_vld|                        in_local_V_8_out|       pointer|
|in_local_V_7_out         |  out|   32|      ap_vld|                        in_local_V_7_out|       pointer|
|in_local_V_7_out_ap_vld  |  out|    1|      ap_vld|                        in_local_V_7_out|       pointer|
|in_local_V_6_out         |  out|   32|      ap_vld|                        in_local_V_6_out|       pointer|
|in_local_V_6_out_ap_vld  |  out|    1|      ap_vld|                        in_local_V_6_out|       pointer|
|in_local_V_5_out         |  out|   32|      ap_vld|                        in_local_V_5_out|       pointer|
|in_local_V_5_out_ap_vld  |  out|    1|      ap_vld|                        in_local_V_5_out|       pointer|
|in_local_V_4_out         |  out|   32|      ap_vld|                        in_local_V_4_out|       pointer|
|in_local_V_4_out_ap_vld  |  out|    1|      ap_vld|                        in_local_V_4_out|       pointer|
|in_local_V_3_out         |  out|   32|      ap_vld|                        in_local_V_3_out|       pointer|
|in_local_V_3_out_ap_vld  |  out|    1|      ap_vld|                        in_local_V_3_out|       pointer|
|in_local_V_2_out         |  out|   32|      ap_vld|                        in_local_V_2_out|       pointer|
|in_local_V_2_out_ap_vld  |  out|    1|      ap_vld|                        in_local_V_2_out|       pointer|
|in_local_V_1_out         |  out|   32|      ap_vld|                        in_local_V_1_out|       pointer|
|in_local_V_1_out_ap_vld  |  out|    1|      ap_vld|                        in_local_V_1_out|       pointer|
|in_local_V_out           |  out|   32|      ap_vld|                          in_local_V_out|       pointer|
|in_local_V_out_ap_vld    |  out|    1|      ap_vld|                          in_local_V_out|       pointer|
+-------------------------+-----+-----+------------+----------------------------------------+--------------+

